x=
0 0.301376
1 0.698396
y=
0 -2.904627
1 -0.000000
2 0.205512
